// Vitest Snapshot v1, https://vitest.dev/guide/snapshot.html

exports[`matches snapshot 1`] = `
<DocumentFragment>
  <a
    class="CompanyCard card"
    href="/companies/undefined"
  >
    <div
      class="card-body"
    >
      <h6
        class="card-title"
      />
      <p>
        <small />
      </p>
    </div>
  </a>
</DocumentFragment>
`;
